--- Startup times for process: Primary (or UI client) ---

times in msec
 clock   self+sourced   self:  sourced script
 clock   elapsed:              other lines

000.003  000.003: --- NVIM STARTING ---
000.162  000.160: event init
000.312  000.149: early init
000.457  000.145: locale set
000.547  000.089: init first window
001.529  000.982: inits 1
001.546  000.017: window checked
001.551  000.005: parsing arguments
002.065  000.051  000.051: require('vim._core.shared')
002.169  000.005  000.005: require('string.buffer')
002.196  000.053  000.048: require('vim.inspect')
002.241  000.037  000.037: require('vim._core.options')
002.244  000.175  000.085: require('vim._core.editor')
002.302  000.057  000.057: require('vim._core.system')
002.304  000.310  000.027: require('vim._init_packages')
002.305  000.445: init lua interpreter
004.164  001.859: nvim_ui_attach
006.140  001.975: nvim_set_client_info
006.143  000.003: --- NVIM STARTED ---

--- Startup times for process: Embedded ---

times in msec
 clock   self+sourced   self:  sourced script
 clock   elapsed:              other lines

000.003  000.003: --- NVIM STARTING ---
000.272  000.269: event init
000.468  000.196: early init
000.673  000.206: locale set
000.791  000.117: init first window
002.139  001.348: inits 1
002.164  000.026: window checked
002.171  000.007: parsing arguments
002.888  000.072  000.072: require('vim._core.shared')
003.000  000.005  000.005: require('string.buffer')
003.038  000.075  000.069: require('vim.inspect')
003.099  000.052  000.052: require('vim._core.options')
003.102  000.210  000.084: require('vim._core.editor')
003.176  000.072  000.072: require('vim._core.system')
003.178  000.386  000.032: require('vim._init_packages')
003.180  000.623: init lua interpreter
004.956  001.775: expanding arguments
005.006  000.050: inits 2
005.957  000.952: init highlight
005.962  000.005: waiting for UI
006.419  000.457: done waiting for UI
006.485  000.066: clear screen
006.704  000.082  000.082: require('vim._core.util')
006.777  000.012  000.012: require('vim.keymap')
008.380  000.536  000.536: sourcing nvim_exec2()
008.472  000.008  000.008: require('vim._core.log')
008.668  000.014  000.014: require('vim.tty')
008.773  000.007  000.007: require('vim.F')
009.471  000.043  000.043: sourcing nvim_exec2() called at TermResponse Autocommands for "*":0
009.545  000.019  000.019: require('vim.text')
009.759  003.266  002.545: require('vim._core.defaults')
009.761  000.010: init default mappings & autocommands
010.359  000.142  000.142: sourcing /usr/local/share/nvim/runtime/ftplugin.vim
010.474  000.069  000.069: sourcing /usr/local/share/nvim/runtime/indent.vim
011.035  000.089  000.089: sourcing /usr/local/share/nvim/runtime/pack/dist/opt/nvim.difftool/plugin/difftool.lua
011.542  000.127  000.127: sourcing /usr/local/share/nvim/runtime/pack/dist/opt/cfilter/plugin/cfilter.vim
012.027  000.026  000.026: sourcing nvim_exec2() called at /usr/local/share/nvim/runtime/pack/dist/opt/cfilter/plugin/cfilter.lua:0
012.040  000.400  000.374: require('_vim9script')
012.053  000.493  000.092: sourcing /usr/local/share/nvim/runtime/pack/dist/opt/cfilter/plugin/cfilter.lua
013.188  000.162  000.162: require('vim._async')
013.213  001.104  000.942: require('vim.pack')
013.310  000.074  000.074: require('vim.fs')
016.784  000.324  000.324: require('config')
017.083  000.661  000.337: require('secret')
017.845  000.551  000.551: require('vim.diagnostic')
018.346  000.098  000.098: require('vim.diagnostic._severity')
018.358  000.345  000.247: require('vim.diagnostic._store')
018.362  000.511  000.167: require('vim.diagnostic._config')
021.999  003.200  003.200: sourcing /usr/local/share/nvim/runtime/colors/vim.lua
023.185  004.434  001.233: sourcing /usr/local/share/nvim/runtime/colors/retrobox.vim
023.208  004.753  000.319: sourcing nvim_exec2() called at /home/agil/.config/nvim/init.lua:0
023.384  006.298  000.483: require('preferences')
023.738  000.021  000.021: sourcing nvim_exec2() called at /home/agil/.config/nvim/init.lua:0
023.862  000.476  000.455: require('conveniences')
023.992  000.127  000.127: require('statusline')
024.141  000.016  000.016: sourcing nvim_exec2() called at /home/agil/.config/nvim/init.lua:0
024.222  000.229  000.212: require('searching')
024.360  000.136  000.136: require('jj')
024.362  013.834  004.019: sourcing /home/agil/.config/nvim/init.lua
024.373  000.568: sourcing vimrc file(s)
024.911  000.255  000.255: sourcing nvim_exec2() called at /usr/local/share/nvim/runtime/filetype.lua:0
024.916  000.362  000.107: sourcing /usr/local/share/nvim/runtime/filetype.lua
025.507  000.250  000.250: sourcing /usr/local/share/nvim/runtime/syntax/synload.vim
025.793  000.729  000.479: sourcing /usr/local/share/nvim/runtime/syntax/syntax.vim
026.453  000.086  000.086: require('blame.git')
026.845  000.116  000.116: require('blame.highlights')
027.196  000.069  000.069: require('blame.utils')
027.253  000.055  000.055: require('blame.porcelain_parser')
027.288  000.033  000.033: require('blame.mappings')
027.291  000.444  000.286: require('blame.blame_stack')
027.371  000.079  000.079: require('blame.commit_info')
027.471  000.098  000.098: require('blame.git_browser')
027.475  001.019  000.283: require('blame.views.window_view')
027.554  000.078  000.078: require('blame.views.virtual_view')
027.617  000.062  000.062: require('blame.formats.default_formats')
027.620  001.382  000.138: require('blame')
027.689  000.035  000.035: sourcing nvim_exec2() called at /home/agil/.config/nvim/plugin/blame.lua:0
027.693  001.474  000.057: sourcing /home/agil/.config/nvim/plugin/blame.lua
027.944  000.206  000.206: require('catppuccin')
028.202  000.051  000.051: require('catppuccin.lib.hashing')
028.311  000.092  000.092: require('kanagawa')
028.626  000.083  000.083: require('kanagawa.utils')
029.285  000.652  000.652: sourcing nvim_exec2() called at /home/agil/.local/share/nvim/site/pack/core/opt/kanagawa.nvim/colors/kanagawa-wave.vim:1
029.439  000.108  000.108: require('kanagawa.colors')
030.076  000.355  000.355: require('kanagawa.lib.hsluv')
030.081  000.434  000.079: require('kanagawa.lib.color')
030.084  000.597  000.163: require('kanagawa.themes')
030.260  000.056  000.056: require('kanagawa.highlights')
030.436  000.173  000.173: require('kanagawa.highlights.editor')
030.541  000.060  000.060: require('kanagawa.highlights.syntax')
030.754  000.094  000.094: require('kanagawa.highlights.treesitter')
030.913  000.150  000.150: require('kanagawa.highlights.lsp')
031.347  000.430  000.430: require('kanagawa.highlights.plugins')
033.972  005.452  003.049: sourcing /home/agil/.local/share/nvim/site/pack/core/opt/kanagawa.nvim/colors/kanagawa-wave.vim
034.421  006.054  000.602: sourcing nvim_exec2() called at /home/agil/.config/nvim/plugin/colorscheme.lua:0
034.430  006.713  000.309: sourcing /home/agil/.config/nvim/plugin/colorscheme.lua
034.547  000.038  000.038: sourcing nvim_exec2() called at /home/agil/.config/nvim/plugin/deltaview.lua:0
034.566  000.011  000.011: sourcing nvim_exec2() called at /home/agil/.config/nvim/plugin/deltaview.lua:0
034.577  000.007  000.007: sourcing nvim_exec2() called at /home/agil/.config/nvim/plugin/deltaview.lua:0
034.579  000.101  000.045: sourcing /home/agil/.config/nvim/plugin/deltaview.lua
034.904  000.224  000.224: require('fzy')
034.997  000.091  000.091: require('floating')
035.114  000.505  000.190: sourcing /home/agil/.config/nvim/plugin/fzy.lua
036.753  000.249  000.249: require('vim.log')
037.557  000.801  000.801: require('vim.lsp.protocol')
037.642  001.268  000.218: require('vim.lsp.log')
038.879  000.132  000.132: require('vim.pos._util')
038.897  001.250  001.118: require('vim.lsp.util')
039.363  000.192  000.192: require('vim.lsp.sync')
039.369  000.468  000.276: require('vim.lsp._changetracking')
039.879  000.010  000.010: require('vim._core.stringbuffer')
039.885  000.165  000.155: require('vim.net._transport')
039.954  000.582  000.417: require('vim.lsp.rpc')
040.080  004.695  001.127: require('vim.lsp')
042.457  007.316  002.621: sourcing /home/agil/.config/nvim/plugin/lsp.lua
042.599  000.069  000.069: require('nvim-treesitter')
043.279  000.315  000.315: require('nvim-treesitter.async')
043.443  000.162  000.162: require('nvim-treesitter.config')
043.542  000.097  000.097: require('nvim-treesitter.log')
044.852  001.309  001.309: require('nvim-treesitter.parsers')
044.926  000.069  000.069: require('nvim-treesitter.util')
044.945  002.343  000.391: require('nvim-treesitter.install')
046.573  001.624  001.624: require('nvim-treesitter.parsers')
047.336  004.837  000.801: sourcing /home/agil/.config/nvim/plugin/treesitter.lua
047.663  000.090  000.090: sourcing /home/agil/.local/share/nvim/site/pack/core/opt/plenary.nvim/plugin/plenary.vim
047.977  000.167  000.167: sourcing /home/agil/.local/share/nvim/site/pack/core/opt/deltaview.nvim/plugin/commands.lua
048.018  000.020  000.020: sourcing /home/agil/.local/share/nvim/site/pack/core/opt/deltaview.nvim/plugin/delta.lua
048.396  000.277  000.277: require('vim.ui')
048.400  000.295  000.018: sourcing /home/agil/.local/share/nvim/site/pack/core/opt/nvim-fzy/plugin/fzy.lua
048.700  000.162  000.162: sourcing /home/agil/.local/share/nvim/site/pack/core/opt/nvim-dap/plugin/dap.lua
050.713  000.124  000.124: require('vim.treesitter.language')
050.760  000.041  000.041: require('vim.func')
050.869  000.107  000.107: require('vim.treesitter._range')
050.950  000.077  000.077: require('vim.func._memoize')
051.094  001.032  000.682: require('vim.treesitter.query')
051.110  001.859  000.827: require('vim.treesitter.languagetree')
051.117  002.181  000.322: require('vim.treesitter')
051.225  002.357  000.176: sourcing /home/agil/.local/share/nvim/site/pack/core/opt/nvim-treesitter/plugin/filetypes.lua
051.357  000.093  000.093: sourcing /home/agil/.local/share/nvim/site/pack/core/opt/nvim-treesitter/plugin/nvim-treesitter.lua
051.438  000.061  000.061: sourcing /home/agil/.local/share/nvim/site/pack/core/opt/nvim-treesitter/plugin/query_predicates.lua
051.783  000.221  000.221: sourcing /home/agil/.local/share/nvim/site/pack/core/opt/nvim-lspconfig/plugin/lspconfig.lua
052.842  000.497  000.497: sourcing /usr/local/share/nvim/runtime/plugin/gzip.vim
053.927  000.533  000.533: sourcing /usr/local/share/nvim/runtime/pack/dist/opt/matchit/plugin/matchit.vim
054.020  001.158  000.625: sourcing /usr/local/share/nvim/runtime/plugin/matchit.vim
054.417  000.373  000.373: sourcing /usr/local/share/nvim/runtime/plugin/matchparen.vim
055.485  000.598  000.598: sourcing /usr/local/share/nvim/runtime/pack/dist/opt/netrw/plugin/netrwPlugin.vim
055.578  001.136  000.538: sourcing /usr/local/share/nvim/runtime/plugin/netrwPlugin.vim
056.062  000.422  000.422: sourcing /usr/local/share/nvim/runtime/plugin/rplugin.vim
056.290  000.185  000.185: sourcing /usr/local/share/nvim/runtime/plugin/shada.vim
056.388  000.050  000.050: sourcing /usr/local/share/nvim/runtime/plugin/spellfile.vim
056.685  000.269  000.269: sourcing /usr/local/share/nvim/runtime/plugin/tarPlugin.vim
056.759  000.046  000.046: sourcing /usr/local/share/nvim/runtime/plugin/tutor.vim
057.170  000.386  000.386: sourcing /usr/local/share/nvim/runtime/plugin/zipPlugin.vim
057.830  000.276  000.276: require('vim._watch')
057.839  000.585  000.309: require('nvim.autoread')
057.946  000.741  000.156: sourcing /usr/local/share/nvim/runtime/plugin/autoread.lua
058.289  000.288  000.288: sourcing /usr/local/share/nvim/runtime/plugin/dir.lua
058.409  000.065  000.065: sourcing /usr/local/share/nvim/runtime/plugin/editorconfig.lua
058.535  000.093  000.093: sourcing /usr/local/share/nvim/runtime/plugin/man.lua
058.578  000.014  000.014: sourcing /usr/local/share/nvim/runtime/plugin/matchparen.lua
058.754  000.151  000.151: sourcing /usr/local/share/nvim/runtime/plugin/net.lua
058.883  000.098  000.098: sourcing /usr/local/share/nvim/runtime/plugin/osc52.lua
058.990  000.079  000.079: sourcing /usr/local/share/nvim/runtime/plugin/shada.lua
059.058  000.023  000.023: sourcing /usr/local/share/nvim/runtime/plugin/spellfile.lua
059.124  000.041  000.041: sourcing /usr/local/share/nvim/runtime/plugin/tohtml.lua
059.395  000.075  000.075: sourcing /usr/local/share/nvim/runtime/pack/dist/opt/cfilter/plugin/cfilter.vim
059.555  000.128  000.128: sourcing /usr/local/share/nvim/runtime/pack/dist/opt/cfilter/plugin/cfilter.lua
059.707  000.044  000.044: sourcing /usr/local/share/nvim/runtime/pack/dist/opt/nvim.difftool/plugin/difftool.lua
059.730  003.490: loading rtp plugins
059.912  000.182: loading packages
059.961  000.049: loading after plugins
059.996  000.035: inits 3
071.722  011.726: reading ShaDa
072.041  000.319: opening buffers
072.069  000.028: BufEnter autocommands
072.073  000.004: editing files in windows
072.256  000.154  000.154: require('deltaview.config')
072.323  000.096: VimEnter autocommands
072.383  000.060: UIEnter autocommands
072.386  000.003: before starting main loop
074.019  001.633: first screen update
074.023  000.004: --- NVIM STARTED ---

--- Startup times for process: Primary (or UI client) ---

times in msec
 clock   self+sourced   self:  sourced script
 clock   elapsed:              other lines

000.003  000.003: --- NVIM STARTING ---
000.227  000.224: event init
000.509  000.282: early init
000.709  000.200: locale set
000.884  000.174: init first window
002.460  001.576: inits 1
002.488  000.028: window checked
002.496  000.007: parsing arguments
003.317  000.069  000.069: require('vim._core.shared')
003.477  000.007  000.007: require('string.buffer')
003.512  000.069  000.062: require('vim.inspect')
003.637  000.116  000.116: require('vim._core.options')
003.643  000.319  000.134: require('vim._core.editor')
003.724  000.079  000.079: require('vim._core.system')
003.726  000.503  000.036: require('vim._init_packages')
003.728  000.730: init lua interpreter
007.753  004.025: nvim_ui_attach
011.036  003.283: nvim_set_client_info
011.054  000.017: --- NVIM STARTED ---

--- Startup times for process: Embedded ---

times in msec
 clock   self+sourced   self:  sourced script
 clock   elapsed:              other lines

000.008  000.008: --- NVIM STARTING ---
000.376  000.368: event init
000.575  000.199: early init
000.770  000.195: locale set
000.887  000.117: init first window
002.109  001.222: inits 1
002.136  000.027: window checked
002.143  000.007: parsing arguments
002.907  000.073  000.073: require('vim._core.shared')
003.023  000.007  000.007: require('string.buffer')
003.058  000.074  000.067: require('vim.inspect')
003.122  000.054  000.054: require('vim._core.options')
003.125  000.211  000.084: require('vim._core.editor')
003.208  000.082  000.082: require('vim._core.system')
003.211  000.400  000.034: require('vim._init_packages')
003.214  000.671: init lua interpreter
005.147  001.933: expanding arguments
005.213  000.066: inits 2
006.391  001.178: init highlight
006.393  000.002: waiting for UI
006.996  000.603: done waiting for UI
007.082  000.086: clear screen
007.345  000.101  000.101: require('vim._core.util')
007.433  000.014  000.014: require('vim.keymap')
009.515  000.631  000.631: sourcing nvim_exec2()
009.630  000.021  000.021: require('vim._core.log')
009.869  000.020  000.020: require('vim.tty')
010.017  000.011  000.011: require('vim.F')
012.262  000.097  000.097: sourcing nvim_exec2() called at TermResponse Autocommands for "*":0
012.527  000.045  000.045: require('vim.text')
013.156  006.065  005.125: require('vim._core.defaults')
013.162  000.015: init default mappings & autocommands
014.130  000.230  000.230: sourcing /usr/local/share/nvim/runtime/ftplugin.vim
014.300  000.098  000.098: sourcing /usr/local/share/nvim/runtime/indent.vim
017.677  000.822  000.822: require('vim.diagnostic')
018.565  000.224  000.224: require('vim.diagnostic._severity')
018.588  000.714  000.491: require('vim.diagnostic._store')
018.595  000.906  000.192: require('vim.diagnostic._config')
018.944  000.197  000.197: require('config')
023.855  004.543  004.543: sourcing /usr/local/share/nvim/runtime/colors/vim.lua
025.869  006.646  002.102: sourcing /usr/local/share/nvim/runtime/colors/retrobox.vim
025.905  006.948  000.302: sourcing nvim_exec2() called at /home/agil/.config/nvim/minimal_init.lua:0
026.197  010.619  001.746: require('preferences')
027.102  000.060  000.060: sourcing nvim_exec2() called at /home/agil/.config/nvim/minimal_init.lua:0
027.501  001.298  001.238: require('conveniences')
027.846  000.339  000.339: require('statusline')
028.352  000.057  000.057: sourcing nvim_exec2() called at /home/agil/.config/nvim/minimal_init.lua:0
028.567  000.717  000.660: require('searching')
028.974  000.401  000.401: require('jj')
028.980  014.334  000.961: sourcing /home/agil/.config/nvim/minimal_init.lua
028.990  001.165: sourcing vimrc file(s)
029.516  000.160  000.160: sourcing nvim_exec2() called at /usr/local/share/nvim/runtime/filetype.lua:0
029.528  000.422  000.263: sourcing /usr/local/share/nvim/runtime/filetype.lua
030.479  000.600  000.600: sourcing /usr/local/share/nvim/runtime/syntax/synload.vim
031.081  001.427  000.827: sourcing /usr/local/share/nvim/runtime/syntax/syntax.vim
034.864  001.583  001.583: sourcing /usr/local/share/nvim/runtime/plugin/gzip.vim
037.014  001.088  001.088: sourcing /usr/local/share/nvim/runtime/pack/dist/opt/matchit/plugin/matchit.vim
037.256  002.292  001.204: sourcing /usr/local/share/nvim/runtime/plugin/matchit.vim
038.293  000.977  000.977: sourcing /usr/local/share/nvim/runtime/plugin/matchparen.vim
041.019  001.666  001.666: sourcing /usr/local/share/nvim/runtime/pack/dist/opt/netrw/plugin/netrwPlugin.vim
042.666  004.297  002.631: sourcing /usr/local/share/nvim/runtime/plugin/netrwPlugin.vim
044.065  000.997  000.997: sourcing /usr/local/share/nvim/runtime/plugin/rplugin.vim
044.391  000.252  000.252: sourcing /usr/local/share/nvim/runtime/plugin/shada.vim
044.943  000.474  000.474: sourcing /usr/local/share/nvim/runtime/plugin/spellfile.vim
045.841  000.819  000.819: sourcing /usr/local/share/nvim/runtime/plugin/tarPlugin.vim
046.016  000.097  000.097: sourcing /usr/local/share/nvim/runtime/plugin/tutor.vim
046.948  000.882  000.882: sourcing /usr/local/share/nvim/runtime/plugin/zipPlugin.vim
048.284  000.634  000.634: require('vim._watch')
048.432  001.228  000.594: require('nvim.autoread')
048.706  001.586  000.358: sourcing /usr/local/share/nvim/runtime/plugin/autoread.lua
049.421  000.493  000.493: sourcing /usr/local/share/nvim/runtime/plugin/dir.lua
049.608  000.094  000.094: sourcing /usr/local/share/nvim/runtime/plugin/editorconfig.lua
049.834  000.183  000.183: sourcing /usr/local/share/nvim/runtime/plugin/man.lua
049.908  000.025  000.025: sourcing /usr/local/share/nvim/runtime/plugin/matchparen.lua
050.235  000.289  000.289: sourcing /usr/local/share/nvim/runtime/plugin/net.lua
050.569  000.297  000.297: sourcing /usr/local/share/nvim/runtime/plugin/osc52.lua
050.936  000.247  000.247: sourcing /usr/local/share/nvim/runtime/plugin/shada.lua
051.028  000.042  000.042: sourcing /usr/local/share/nvim/runtime/plugin/spellfile.lua
051.258  000.192  000.192: sourcing /usr/local/share/nvim/runtime/plugin/tohtml.lua
051.326  004.368: loading rtp plugins
051.953  000.627: loading packages
051.963  000.010: loading after plugins
052.011  000.048: inits 3
075.560  023.549: reading ShaDa
076.005  000.445: opening buffers
076.069  000.064: BufEnter autocommands
076.075  000.006: editing files in windows
076.120  000.044: VimEnter autocommands
076.229  000.109: UIEnter autocommands
076.232  000.004: before starting main loop
079.484  003.251: first screen update
079.496  000.013: --- NVIM STARTED ---

--- Startup times for process: Primary (or UI client) ---

times in msec
 clock   self+sourced   self:  sourced script
 clock   elapsed:              other lines

000.006  000.006: --- NVIM STARTING ---
000.764  000.758: event init
001.321  000.557: early init
001.536  000.215: locale set
001.976  000.440: init first window
003.341  001.366: inits 1
003.367  000.025: window checked
003.382  000.015: parsing arguments
004.230  000.064  000.064: require('vim._core.shared')
004.370  000.006  000.006: require('string.buffer')
004.434  000.100  000.093: require('vim.inspect')
004.496  000.051  000.051: require('vim._core.options')
004.501  000.264  000.114: require('vim._core.editor')
004.582  000.080  000.080: require('vim._core.system')
004.585  000.444  000.036: require('vim._init_packages')
004.587  000.761: init lua interpreter
007.245  002.658: nvim_ui_attach
009.833  002.588: nvim_set_client_info
009.840  000.007: --- NVIM STARTED ---

--- Startup times for process: Embedded ---

times in msec
 clock   self+sourced   self:  sourced script
 clock   elapsed:              other lines

000.003  000.003: --- NVIM STARTING ---
000.306  000.302: event init
000.540  000.235: early init
000.733  000.193: locale set
000.890  000.157: init first window
002.144  001.254: inits 1
002.170  000.026: window checked
002.186  000.016: parsing arguments
003.065  000.106  000.106: require('vim._core.shared')
003.220  000.007  000.007: require('string.buffer')
003.256  000.111  000.105: require('vim.inspect')
003.321  000.054  000.054: require('vim._core.options')
003.325  000.253  000.088: require('vim._core.editor')
003.451  000.125  000.125: require('vim._core.system')
003.455  000.522  000.038: require('vim._init_packages')
003.458  000.750: init lua interpreter
006.483  003.025: expanding arguments
006.561  000.078: inits 2
007.818  001.257: init highlight
007.820  000.003: waiting for UI
008.541  000.721: done waiting for UI
008.629  000.088: clear screen
008.943  000.132  000.132: require('vim._core.util')
009.035  000.016  000.016: require('vim.keymap')
011.761  000.998  000.998: sourcing nvim_exec2()
011.870  000.010  000.010: require('vim._core.log')
012.328  000.021  000.021: require('vim.tty')
012.587  000.015  000.015: require('vim.F')
017.227  000.130  000.130: sourcing nvim_exec2() called at TermResponse Autocommands for "*":0
017.404  000.045  000.045: require('vim.text')
018.043  009.405  008.038: require('vim._core.defaults')
018.051  000.017: init default mappings & autocommands
019.299  000.431  000.431: sourcing /usr/local/share/nvim/runtime/ftplugin.vim
019.589  000.175  000.175: sourcing /usr/local/share/nvim/runtime/indent.vim
019.603  000.946: sourcing vimrc file(s)
019.986  000.179  000.179: sourcing nvim_exec2() called at /usr/local/share/nvim/runtime/filetype.lua:0
019.994  000.353  000.174: sourcing /usr/local/share/nvim/runtime/filetype.lua
020.506  000.269  000.269: sourcing /usr/local/share/nvim/runtime/syntax/synload.vim
020.982  000.915  000.646: sourcing /usr/local/share/nvim/runtime/syntax/syntax.vim
022.677  000.741  000.741: sourcing /usr/local/share/nvim/runtime/plugin/gzip.vim
023.821  000.597  000.597: sourcing /usr/local/share/nvim/runtime/pack/dist/opt/matchit/plugin/matchit.vim
023.910  001.185  000.588: sourcing /usr/local/share/nvim/runtime/plugin/matchit.vim
024.409  000.472  000.472: sourcing /usr/local/share/nvim/runtime/plugin/matchparen.vim
026.467  001.554  001.554: sourcing /usr/local/share/nvim/runtime/pack/dist/opt/netrw/plugin/netrwPlugin.vim
026.601  002.161  000.607: sourcing /usr/local/share/nvim/runtime/plugin/netrwPlugin.vim
026.985  000.213  000.213: sourcing /usr/local/share/nvim/runtime/plugin/rplugin.vim
027.288  000.241  000.241: sourcing /usr/local/share/nvim/runtime/plugin/shada.vim
027.489  000.086  000.086: sourcing /usr/local/share/nvim/runtime/plugin/spellfile.vim
027.897  000.371  000.371: sourcing /usr/local/share/nvim/runtime/plugin/tarPlugin.vim
027.993  000.054  000.054: sourcing /usr/local/share/nvim/runtime/plugin/tutor.vim
028.749  000.725  000.725: sourcing /usr/local/share/nvim/runtime/plugin/zipPlugin.vim
029.437  000.308  000.308: require('vim._watch')
029.446  000.590  000.282: require('nvim.autoread')
029.564  000.753  000.163: sourcing /usr/local/share/nvim/runtime/plugin/autoread.lua
030.065  000.445  000.445: sourcing /usr/local/share/nvim/runtime/plugin/dir.lua
030.195  000.064  000.064: sourcing /usr/local/share/nvim/runtime/plugin/editorconfig.lua
030.332  000.102  000.102: sourcing /usr/local/share/nvim/runtime/plugin/man.lua
030.384  000.015  000.015: sourcing /usr/local/share/nvim/runtime/plugin/matchparen.lua
030.602  000.189  000.189: sourcing /usr/local/share/nvim/runtime/plugin/net.lua
031.012  000.309  000.309: sourcing /usr/local/share/nvim/runtime/plugin/osc52.lua
033.618  000.652  000.652: sourcing /usr/local/share/nvim/runtime/plugin/shada.lua
033.740  000.038  000.038: sourcing /usr/local/share/nvim/runtime/plugin/spellfile.lua
033.873  000.076  000.076: sourcing /usr/local/share/nvim/runtime/plugin/tohtml.lua
033.938  004.175: loading rtp plugins
034.103  000.165: loading packages
034.107  000.004: loading after plugins
034.154  000.048: inits 3
034.165  000.011: reading ShaDa
035.111  000.946: opening buffers
035.167  000.056: BufEnter autocommands
035.174  000.007: editing files in windows
035.309  000.135: VimEnter autocommands
035.458  000.149: UIEnter autocommands
035.465  000.006: before starting main loop
037.888  002.424: first screen update
037.893  000.005: --- NVIM STARTED ---

--- Startup times for process: Primary (or UI client) ---

times in msec
 clock   self+sourced   self:  sourced script
 clock   elapsed:              other lines

000.003  000.003: --- NVIM STARTING ---
000.255  000.251: event init
000.529  000.275: early init
000.723  000.194: locale set
000.885  000.162: init first window
002.681  001.796: inits 1
002.731  000.049: window checked
002.740  000.009: parsing arguments
004.805  000.269  000.269: require('vim._core.shared')
005.090  000.014  000.014: require('string.buffer')
005.154  000.241  000.227: require('vim.inspect')
005.264  000.088  000.088: require('vim._core.options')
005.269  000.451  000.122: require('vim._core.editor')
005.566  000.294  000.294: require('vim._core.system')
005.573  001.068  000.054: require('vim._init_packages')
005.578  001.770: init lua interpreter
009.370  003.792: nvim_ui_attach
011.941  002.571: nvim_set_client_info
011.947  000.006: --- NVIM STARTED ---

--- Startup times for process: Embedded ---

times in msec
 clock   self+sourced   self:  sourced script
 clock   elapsed:              other lines

000.003  000.003: --- NVIM STARTING ---
000.220  000.216: event init
000.583  000.363: early init
000.778  000.195: locale set
000.944  000.166: init first window
002.275  001.331: inits 1
002.303  000.027: window checked
002.309  000.007: parsing arguments
003.213  000.115  000.115: require('vim._core.shared')
003.367  000.007  000.007: require('string.buffer')
003.404  000.109  000.103: require('vim.inspect')
003.468  000.053  000.053: require('vim._core.options')
003.471  000.251  000.089: require('vim._core.editor')
003.680  000.207  000.207: require('vim._core.system')
003.684  000.609  000.036: require('vim._init_packages')
003.687  000.768: init lua interpreter
006.391  002.704: expanding arguments
006.468  000.077: inits 2
007.874  001.407: init highlight
007.880  000.005: waiting for UI
008.490  000.610: done waiting for UI
008.577  000.087: clear screen
008.939  000.164  000.164: require('vim._core.util')
009.033  000.014  000.014: require('vim.keymap')
013.119  002.555  002.555: sourcing nvim_exec2()
013.371  000.014  000.014: require('vim._core.log')
014.147  000.024  000.024: require('vim.tty')
014.305  000.013  000.013: require('vim.F')
015.339  000.075  000.075: sourcing nvim_exec2() called at TermResponse Autocommands for "*":0
015.451  000.031  000.031: require('vim.text')
015.946  007.362  004.470: require('vim._core.defaults')
015.950  000.012: init default mappings & autocommands
016.838  000.208  000.208: sourcing /usr/local/share/nvim/runtime/ftplugin.vim
017.038  000.134  000.134: sourcing /usr/local/share/nvim/runtime/indent.vim
018.816  000.193  000.193: sourcing /usr/local/share/nvim/runtime/pack/dist/opt/nvim.difftool/plugin/difftool.lua
020.292  000.301  000.301: sourcing /usr/local/share/nvim/runtime/pack/dist/opt/cfilter/plugin/cfilter.vim
022.246  000.150  000.150: sourcing nvim_exec2() called at /usr/local/share/nvim/runtime/pack/dist/opt/cfilter/plugin/cfilter.lua:0
022.362  001.610  001.460: require('_vim9script')
022.392  002.028  000.418: sourcing /usr/local/share/nvim/runtime/pack/dist/opt/cfilter/plugin/cfilter.lua
024.297  000.170  000.170: require('vim._async')
024.325  001.765  001.595: require('vim.pack')
024.417  000.070  000.070: require('vim.fs')
036.513  000.566  000.566: require('config')
036.863  001.016  000.450: require('secret')
038.787  001.425  001.425: require('vim.diagnostic')
040.307  000.222  000.222: require('vim.diagnostic._severity')
040.339  001.092  000.870: require('vim.diagnostic._store')
040.345  001.545  000.452: require('vim.diagnostic._config')
046.012  004.858  004.858: sourcing /usr/local/share/nvim/runtime/colors/vim.lua
048.102  007.034  002.176: sourcing /usr/local/share/nvim/runtime/colors/retrobox.vim
048.128  007.618  000.584: sourcing nvim_exec2() called at /home/agil/.config/nvim/init.lua:0
048.400  011.530  000.942: require('preferences')
048.885  000.035  000.035: sourcing nvim_exec2() called at /home/agil/.config/nvim/init.lua:0
049.138  000.734  000.699: require('conveniences')
049.465  000.323  000.323: require('statusline')
049.850  000.080  000.080: sourcing nvim_exec2() called at /home/agil/.config/nvim/init.lua:0
050.024  000.551  000.471: require('searching')
050.393  000.366  000.366: require('jj')
050.401  033.279  014.403: sourcing /home/agil/.config/nvim/init.lua
050.424  000.852: sourcing vimrc file(s)
051.398  000.490  000.490: sourcing nvim_exec2() called at /usr/local/share/nvim/runtime/filetype.lua:0
051.411  000.693  000.203: sourcing /usr/local/share/nvim/runtime/filetype.lua
052.232  000.353  000.353: sourcing /usr/local/share/nvim/runtime/syntax/synload.vim
052.837  001.237  000.884: sourcing /usr/local/share/nvim/runtime/syntax/syntax.vim
054.049  000.153  000.153: require('blame.git')
054.695  000.191  000.191: require('blame.highlights')
055.256  000.111  000.111: require('blame.utils')
055.348  000.088  000.088: require('blame.porcelain_parser')
055.405  000.055  000.055: require('blame.mappings')
055.411  000.712  000.459: require('blame.blame_stack')
055.541  000.128  000.128: require('blame.commit_info')
055.730  000.187  000.187: require('blame.git_browser')
055.737  001.682  000.464: require('blame.views.window_view')
055.874  000.135  000.135: require('blame.views.virtual_view')
055.975  000.099  000.099: require('blame.formats.default_formats')
055.980  002.300  000.231: require('blame')
056.079  000.051  000.051: sourcing nvim_exec2() called at /home/agil/.config/nvim/plugin/blame.lua:0
056.086  002.440  000.090: sourcing /home/agil/.config/nvim/plugin/blame.lua
056.498  000.342  000.342: require('catppuccin')
056.998  000.093  000.093: require('catppuccin.lib.hashing')
057.211  000.187  000.187: require('kanagawa')
058.053  000.175  000.175: require('kanagawa.utils')
059.616  001.545  001.545: sourcing nvim_exec2() called at /home/agil/.local/share/nvim/site/pack/core/opt/kanagawa.nvim/colors/kanagawa-wave.vim:1
059.993  000.295  000.295: require('kanagawa.colors')
061.391  000.751  000.751: require('kanagawa.lib.hsluv')
061.402  001.058  000.308: require('kanagawa.lib.color')
061.406  001.327  000.269: require('kanagawa.themes')
061.817  000.208  000.208: require('kanagawa.highlights')
062.148  000.323  000.323: require('kanagawa.highlights.editor')
062.396  000.117  000.117: require('kanagawa.highlights.syntax')
062.713  000.140  000.140: require('kanagawa.highlights.treesitter')
063.032  000.307  000.307: require('kanagawa.highlights.lsp')
063.893  000.851  000.851: require('kanagawa.highlights.plugins')
069.858  012.030  006.741: sourcing /home/agil/.local/share/nvim/site/pack/core/opt/kanagawa.nvim/colors/kanagawa-wave.vim
070.405  012.852  000.822: sourcing nvim_exec2() called at /home/agil/.config/nvim/plugin/colorscheme.lua:0
070.416  014.295  000.821: sourcing /home/agil/.config/nvim/plugin/colorscheme.lua
070.575  000.047  000.047: sourcing nvim_exec2() called at /home/agil/.config/nvim/plugin/deltaview.lua:0
070.594  000.013  000.013: sourcing nvim_exec2() called at /home/agil/.config/nvim/plugin/deltaview.lua:0
070.606  000.008  000.008: sourcing nvim_exec2() called at /home/agil/.config/nvim/plugin/deltaview.lua:0
070.609  000.134  000.066: sourcing /home/agil/.config/nvim/plugin/deltaview.lua
071.209  000.381  000.381: require('fzy')
071.342  000.128  000.128: require('floating')
071.487  000.851  000.343: sourcing /home/agil/.config/nvim/plugin/fzy.lua
074.431  000.367  000.367: require('vim.log')
075.649  001.211  001.211: require('vim.lsp.protocol')
075.773  002.001  000.424: require('vim.lsp.log')
078.301  000.446  000.446: require('vim.pos._util')
078.367  002.588  002.142: require('vim.lsp.util')
080.542  001.114  001.114: require('vim.lsp.sync')
080.568  002.190  001.076: require('vim.lsp._changetracking')
082.276  000.023  000.023: require('vim._core.stringbuffer')
082.289  000.556  000.533: require('vim.net._transport')
082.385  001.808  001.252: require('vim.lsp.rpc')
082.562  010.597  002.009: require('vim.lsp')
088.109  016.581  005.984: sourcing /home/agil/.config/nvim/plugin/lsp.lua
088.608  000.240  000.240: require('nvim-treesitter')
090.880  000.989  000.989: require('nvim-treesitter.async')
091.482  000.586  000.586: require('nvim-treesitter.config')
091.942  000.445  000.445: require('nvim-treesitter.log')
098.725  006.769  006.769: require('nvim-treesitter.parsers')
098.929  000.190  000.190: require('nvim-treesitter.util')
098.961  010.340  001.360: require('nvim-treesitter.install')
103.374  004.405  004.405: require('nvim-treesitter.parsers')
108.292  020.036  005.050: sourcing /home/agil/.config/nvim/plugin/treesitter.lua
109.012  000.228  000.228: sourcing /home/agil/.local/share/nvim/site/pack/core/opt/plenary.nvim/plugin/plenary.vim
109.994  000.496  000.496: sourcing /home/agil/.local/share/nvim/site/pack/core/opt/deltaview.nvim/plugin/commands.lua
110.127  000.058  000.058: sourcing /home/agil/.local/share/nvim/site/pack/core/opt/deltaview.nvim/plugin/delta.lua
110.997  000.555  000.555: require('vim.ui')
111.007  000.605  000.050: sourcing /home/agil/.local/share/nvim/site/pack/core/opt/nvim-fzy/plugin/fzy.lua
111.632  000.292  000.292: sourcing /home/agil/.local/share/nvim/site/pack/core/opt/nvim-dap/plugin/dap.lua
115.486  000.320  000.320: require('vim.treesitter.language')
115.629  000.126  000.126: require('vim.func')
115.885  000.252  000.252: require('vim.treesitter._range')
116.100  000.205  000.205: require('vim.func._memoize')
116.250  002.348  001.446: require('vim.treesitter.query')
116.345  003.729  001.380: require('vim.treesitter.languagetree')
116.361  004.219  000.490: require('vim.treesitter')
116.658  004.654  000.435: sourcing /home/agil/.local/share/nvim/site/pack/core/opt/nvim-treesitter/plugin/filetypes.lua
116.977  000.239  000.239: sourcing /home/agil/.local/share/nvim/site/pack/core/opt/nvim-treesitter/plugin/nvim-treesitter.lua
117.133  000.087  000.087: sourcing /home/agil/.local/share/nvim/site/pack/core/opt/nvim-treesitter/plugin/query_predicates.lua
118.123  000.522  000.522: sourcing /home/agil/.local/share/nvim/site/pack/core/opt/nvim-lspconfig/plugin/lspconfig.lua
124.368  003.271  003.271: sourcing /usr/local/share/nvim/runtime/plugin/gzip.vim
126.753  000.880  000.880: sourcing /usr/local/share/nvim/runtime/pack/dist/opt/matchit/plugin/matchit.vim
126.945  002.479  001.599: sourcing /usr/local/share/nvim/runtime/plugin/matchit.vim
127.732  000.732  000.732: sourcing /usr/local/share/nvim/runtime/plugin/matchparen.vim
130.863  001.644  001.644: sourcing /usr/local/share/nvim/runtime/pack/dist/opt/netrw/plugin/netrwPlugin.vim
131.108  003.296  001.652: sourcing /usr/local/share/nvim/runtime/plugin/netrwPlugin.vim
133.347  001.721  001.721: sourcing /usr/local/share/nvim/runtime/plugin/rplugin.vim
133.877  000.336  000.336: sourcing /usr/local/share/nvim/runtime/plugin/shada.vim
134.132  000.104  000.104: sourcing /usr/local/share/nvim/runtime/plugin/spellfile.vim
134.616  000.432  000.432: sourcing /usr/local/share/nvim/runtime/plugin/tarPlugin.vim
134.740  000.076  000.076: sourcing /usr/local/share/nvim/runtime/plugin/tutor.vim
135.506  000.724  000.724: sourcing /usr/local/share/nvim/runtime/plugin/zipPlugin.vim
136.331  000.377  000.377: require('vim._watch')
136.341  000.701  000.325: require('nvim.autoread')
136.536  000.956  000.255: sourcing /usr/local/share/nvim/runtime/plugin/autoread.lua
137.020  000.408  000.408: sourcing /usr/local/share/nvim/runtime/plugin/dir.lua
137.191  000.091  000.091: sourcing /usr/local/share/nvim/runtime/plugin/editorconfig.lua
137.543  000.280  000.280: sourcing /usr/local/share/nvim/runtime/plugin/man.lua
137.672  000.036  000.036: sourcing /usr/local/share/nvim/runtime/plugin/matchparen.lua
137.957  000.243  000.243: sourcing /usr/local/share/nvim/runtime/plugin/net.lua
138.258  000.164  000.164: sourcing /usr/local/share/nvim/runtime/plugin/osc52.lua
138.444  000.141  000.141: sourcing /usr/local/share/nvim/runtime/plugin/shada.lua
138.518  000.028  000.028: sourcing /usr/local/share/nvim/runtime/plugin/spellfile.lua
138.611  000.057  000.057: sourcing /usr/local/share/nvim/runtime/plugin/tohtml.lua
139.027  000.104  000.104: sourcing /usr/local/share/nvim/runtime/pack/dist/opt/cfilter/plugin/cfilter.vim
139.224  000.149  000.149: sourcing /usr/local/share/nvim/runtime/pack/dist/opt/cfilter/plugin/cfilter.lua
139.433  000.060  000.060: sourcing /usr/local/share/nvim/runtime/pack/dist/opt/nvim.difftool/plugin/difftool.lua
139.463  009.703: loading rtp plugins
139.722  000.259: loading packages
139.794  000.072: loading after plugins
139.837  000.044: inits 3
166.794  026.957: reading ShaDa
167.563  000.769: opening buffers
167.621  000.058: BufEnter autocommands
167.629  000.008: editing files in windows
167.979  000.296  000.296: require('deltaview.config')
168.164  000.239: VimEnter autocommands
168.338  000.174: UIEnter autocommands
168.344  000.006: before starting main loop
171.433  003.089: first screen update
171.440  000.007: --- NVIM STARTED ---

--- Startup times for process: Primary (or UI client) ---

times in msec
 clock   self+sourced   self:  sourced script
 clock   elapsed:              other lines

000.003  000.003: --- NVIM STARTING ---
000.307  000.304: event init
000.585  000.278: early init
000.892  000.307: locale set
001.060  000.168: init first window
002.968  001.908: inits 1
003.002  000.034: window checked
003.010  000.008: parsing arguments
003.979  000.119  000.119: require('vim._core.shared')
004.130  000.009  000.009: require('string.buffer')
004.180  000.097  000.088: require('vim.inspect')
004.290  000.098  000.098: require('vim._core.options')
004.295  000.308  000.113: require('vim._core.editor')
004.431  000.133  000.133: require('vim._core.system')
004.434  000.604  000.044: require('vim._init_packages')
004.438  000.824: init lua interpreter
007.204  002.766: nvim_ui_attach
011.309  004.105: nvim_set_client_info
011.322  000.013: --- NVIM STARTED ---

--- Startup times for process: Embedded ---

times in msec
 clock   self+sourced   self:  sourced script
 clock   elapsed:              other lines

000.003  000.003: --- NVIM STARTING ---
000.206  000.202: event init
000.436  000.230: early init
000.653  000.217: locale set
000.775  000.122: init first window
001.948  001.173: inits 1
001.976  000.028: window checked
001.983  000.007: parsing arguments
002.748  000.072  000.072: require('vim._core.shared')
002.858  000.006  000.006: require('string.buffer')
002.894  000.071  000.065: require('vim.inspect')
002.956  000.052  000.052: require('vim._core.options')
002.961  000.207  000.084: require('vim._core.editor')
003.038  000.075  000.075: require('vim._core.system')
003.040  000.390  000.035: require('vim._init_packages')
003.042  000.670: init lua interpreter
006.506  003.463: expanding arguments
006.585  000.079: inits 2
007.754  001.169: init highlight
007.757  000.003: waiting for UI
008.357  000.600: done waiting for UI
008.446  000.089: clear screen
008.707  000.100  000.100: require('vim._core.util')
008.800  000.015  000.015: require('vim.keymap')
010.805  000.759  000.759: sourcing nvim_exec2()
011.014  000.032  000.032: require('vim._core.log')
011.341  000.029  000.029: require('vim.tty')
011.530  000.015  000.015: require('vim.F')
012.715  000.096  000.096: sourcing nvim_exec2() called at TermResponse Autocommands for "*":0
012.946  000.043  000.043: require('vim.text')
013.380  004.925  003.837: require('vim._core.defaults')
013.386  000.015: init default mappings & autocommands
015.861  000.231  000.231: sourcing /usr/local/share/nvim/runtime/ftplugin.vim
016.038  000.100  000.100: sourcing /usr/local/share/nvim/runtime/indent.vim
016.804  000.119  000.119: sourcing /usr/local/share/nvim/runtime/pack/dist/opt/nvim.difftool/plugin/difftool.lua
017.868  000.182  000.182: sourcing /usr/local/share/nvim/runtime/pack/dist/opt/cfilter/plugin/cfilter.vim
018.710  000.055  000.055: sourcing nvim_exec2() called at /usr/local/share/nvim/runtime/pack/dist/opt/cfilter/plugin/cfilter.lua:0
018.745  000.725  000.670: require('_vim9script')
018.767  000.872  000.147: sourcing /usr/local/share/nvim/runtime/pack/dist/opt/cfilter/plugin/cfilter.lua
020.257  000.128  000.128: require('vim._async')
020.283  001.410  001.282: require('vim.pack')
020.427  000.073  000.073: require('vim.fs')
028.306  000.744  000.744: require('config')
028.341  000.886  000.142: require('secret')
030.198  001.398  001.398: require('vim.diagnostic')
032.143  000.326  000.326: require('vim.diagnostic._severity')
032.187  001.538  001.211: require('vim.diagnostic._store')
032.195  001.977  000.440: require('vim.diagnostic._config')
040.829  004.496  004.496: sourcing /usr/local/share/nvim/runtime/colors/vim.lua
042.891  006.684  002.188: sourcing /usr/local/share/nvim/runtime/colors/retrobox.vim
042.921  010.492  003.808: sourcing nvim_exec2() called at /home/agil/.config/nvim/init.lua:0
043.183  014.837  000.969: require('preferences')
043.961  000.037  000.037: sourcing nvim_exec2() called at /home/agil/.config/nvim/init.lua:0
044.366  001.177  001.140: require('conveniences')
044.579  000.209  000.209: require('statusline')
044.858  000.038  000.038: sourcing nvim_exec2() called at /home/agil/.config/nvim/init.lua:0
044.976  000.395  000.356: require('searching')
045.130  000.151  000.151: require('jj')
045.133  029.021  008.710: sourcing /home/agil/.config/nvim/init.lua
045.145  002.407: sourcing vimrc file(s)
046.012  000.421  000.421: sourcing nvim_exec2() called at /usr/local/share/nvim/runtime/filetype.lua:0
046.020  000.591  000.170: sourcing /usr/local/share/nvim/runtime/filetype.lua
047.378  000.528  000.528: sourcing /usr/local/share/nvim/runtime/syntax/synload.vim
048.281  001.867  001.339: sourcing /usr/local/share/nvim/runtime/syntax/syntax.vim
050.628  000.270  000.270: require('blame.git')
053.914  000.365  000.365: require('blame.highlights')
054.892  000.216  000.216: require('blame.utils')
055.054  000.153  000.153: require('blame.porcelain_parser')
055.165  000.106  000.106: require('blame.mappings')
055.175  001.247  000.773: require('blame.blame_stack')
055.620  000.442  000.442: require('blame.commit_info')
056.141  000.509  000.509: require('blame.git_browser')
056.160  005.519  002.956: require('blame.views.window_view')
056.414  000.249  000.249: require('blame.views.virtual_view')
056.581  000.163  000.163: require('blame.formats.default_formats')
056.589  006.815  000.614: require('blame')
056.732  000.078  000.078: sourcing nvim_exec2() called at /home/agil/.config/nvim/plugin/blame.lua:0
056.742  007.021  000.128: sourcing /home/agil/.config/nvim/plugin/blame.lua
057.443  000.576  000.576: require('catppuccin')
057.771  000.129  000.129: require('catppuccin.lib.hashing')
058.025  000.217  000.217: require('kanagawa')
058.909  000.168  000.168: require('kanagawa.utils')
060.360  001.428  001.428: sourcing nvim_exec2() called at /home/agil/.local/share/nvim/site/pack/core/opt/kanagawa.nvim/colors/kanagawa-wave.vim:1
060.755  000.283  000.283: require('kanagawa.colors')
062.095  000.678  000.678: require('kanagawa.lib.hsluv')
062.109  000.858  000.180: require('kanagawa.lib.color')
062.114  001.259  000.401: require('kanagawa.themes')
062.472  000.168  000.168: require('kanagawa.highlights')
062.904  000.426  000.426: require('kanagawa.highlights.editor')
063.201  000.197  000.197: require('kanagawa.highlights.syntax')
063.541  000.221  000.221: require('kanagawa.highlights.treesitter')
063.897  000.336  000.336: require('kanagawa.highlights.lsp')
065.021  001.110  001.110: require('kanagawa.highlights.plugins')
073.220  014.528  008.932: sourcing /home/agil/.local/share/nvim/site/pack/core/opt/kanagawa.nvim/colors/kanagawa-wave.vim
074.327  015.958  001.431: sourcing nvim_exec2() called at /home/agil/.config/nvim/plugin/colorscheme.lua:0
074.341  017.535  000.653: sourcing /home/agil/.config/nvim/plugin/colorscheme.lua
074.523  000.061  000.061: sourcing nvim_exec2() called at /home/agil/.config/nvim/plugin/deltaview.lua:0
074.558  000.021  000.021: sourcing nvim_exec2() called at /home/agil/.config/nvim/plugin/deltaview.lua:0
074.572  000.009  000.009: sourcing nvim_exec2() called at /home/agil/.config/nvim/plugin/deltaview.lua:0
074.575  000.161  000.069: sourcing /home/agil/.config/nvim/plugin/deltaview.lua
075.088  000.362  000.362: require('fzy')
075.223  000.131  000.131: require('floating')
075.413  000.807  000.314: sourcing /home/agil/.config/nvim/plugin/fzy.lua
078.605  000.487  000.487: require('vim.log')
079.985  001.371  001.371: require('vim.lsp.protocol')
080.123  002.308  000.449: require('vim.lsp.log')
083.171  000.418  000.418: require('vim.pos._util')
083.212  003.080  002.662: require('vim.lsp.util')
084.341  000.486  000.486: require('vim.lsp.sync')
084.362  001.143  000.657: require('vim.lsp._changetracking')
085.602  000.023  000.023: require('vim._core.stringbuffer')
085.619  000.433  000.410: require('vim.net._transport')
085.801  001.431  000.998: require('vim.lsp.rpc')
086.023  009.959  001.997: require('vim.lsp')
090.015  014.545  004.586: sourcing /home/agil/.config/nvim/plugin/lsp.lua
090.369  000.167  000.167: require('nvim-treesitter')
092.153  000.800  000.800: require('nvim-treesitter.async')
092.544  000.380  000.380: require('nvim-treesitter.config')
092.799  000.250  000.250: require('nvim-treesitter.log')
095.969  003.166  003.166: require('nvim-treesitter.parsers')
096.197  000.213  000.213: require('nvim-treesitter.util')
096.251  005.875  001.066: require('nvim-treesitter.install')
099.874  003.611  003.611: require('nvim-treesitter.parsers')
101.936  011.809  002.156: sourcing /home/agil/.config/nvim/plugin/treesitter.lua
102.634  000.184  000.184: sourcing /home/agil/.local/share/nvim/site/pack/core/opt/plenary.nvim/plugin/plenary.vim
103.627  000.586  000.586: sourcing /home/agil/.local/share/nvim/site/pack/core/opt/deltaview.nvim/plugin/commands.lua
103.767  000.062  000.062: sourcing /home/agil/.local/share/nvim/site/pack/core/opt/deltaview.nvim/plugin/delta.lua
104.725  000.596  000.596: require('vim.ui')
104.735  000.652  000.056: sourcing /home/agil/.local/share/nvim/site/pack/core/opt/nvim-fzy/plugin/fzy.lua
105.389  000.377  000.377: sourcing /home/agil/.local/share/nvim/site/pack/core/opt/nvim-dap/plugin/dap.lua
108.790  000.207  000.207: require('vim.treesitter.language')
108.869  000.069  000.069: require('vim.func')
109.125  000.253  000.253: require('vim.treesitter._range')
109.316  000.183  000.183: require('vim.func._memoize')
109.428  001.714  001.002: require('vim.treesitter.query')
109.494  002.890  001.176: require('vim.treesitter.languagetree')
109.505  003.564  000.674: require('vim.treesitter')
109.725  003.999  000.435: sourcing /home/agil/.local/share/nvim/site/pack/core/opt/nvim-treesitter/plugin/filetypes.lua
110.042  000.253  000.253: sourcing /home/agil/.local/share/nvim/site/pack/core/opt/nvim-treesitter/plugin/nvim-treesitter.lua
110.315  000.107  000.107: sourcing /home/agil/.local/share/nvim/site/pack/core/opt/nvim-treesitter/plugin/query_predicates.lua
111.132  000.585  000.585: sourcing /home/agil/.local/share/nvim/site/pack/core/opt/nvim-lspconfig/plugin/lspconfig.lua
113.866  000.950  000.950: sourcing /usr/local/share/nvim/runtime/plugin/gzip.vim
116.464  001.248  001.248: sourcing /usr/local/share/nvim/runtime/pack/dist/opt/matchit/plugin/matchit.vim
116.697  002.771  001.523: sourcing /usr/local/share/nvim/runtime/plugin/matchit.vim
117.727  000.966  000.966: sourcing /usr/local/share/nvim/runtime/plugin/matchparen.vim
121.261  001.710  001.710: sourcing /usr/local/share/nvim/runtime/pack/dist/opt/netrw/plugin/netrwPlugin.vim
121.509  003.699  001.989: sourcing /usr/local/share/nvim/runtime/plugin/netrwPlugin.vim
122.871  001.215  001.215: sourcing /usr/local/share/nvim/runtime/plugin/rplugin.vim
123.328  000.361  000.361: sourcing /usr/local/share/nvim/runtime/plugin/shada.vim
123.532  000.117  000.117: sourcing /usr/local/share/nvim/runtime/plugin/spellfile.vim
124.242  000.629  000.629: sourcing /usr/local/share/nvim/runtime/plugin/tarPlugin.vim
124.486  000.133  000.133: sourcing /usr/local/share/nvim/runtime/plugin/tutor.vim
125.585  001.022  001.022: sourcing /usr/local/share/nvim/runtime/plugin/zipPlugin.vim
126.896  000.475  000.475: require('vim._watch')
126.909  001.110  000.635: require('nvim.autoread')
127.108  001.393  000.282: sourcing /usr/local/share/nvim/runtime/plugin/autoread.lua
127.567  000.363  000.363: sourcing /usr/local/share/nvim/runtime/plugin/dir.lua
127.725  000.089  000.089: sourcing /usr/local/share/nvim/runtime/plugin/editorconfig.lua
127.954  000.183  000.183: sourcing /usr/local/share/nvim/runtime/plugin/man.lua
128.031  000.026  000.026: sourcing /usr/local/share/nvim/runtime/plugin/matchparen.lua
128.297  000.229  000.229: sourcing /usr/local/share/nvim/runtime/plugin/net.lua
128.489  000.148  000.148: sourcing /usr/local/share/nvim/runtime/plugin/osc52.lua
128.642  000.114  000.114: sourcing /usr/local/share/nvim/runtime/plugin/shada.lua
128.739  000.033  000.033: sourcing /usr/local/share/nvim/runtime/plugin/spellfile.lua
128.841  000.063  000.063: sourcing /usr/local/share/nvim/runtime/plugin/tohtml.lua
129.247  000.110  000.110: sourcing /usr/local/share/nvim/runtime/pack/dist/opt/cfilter/plugin/cfilter.vim
129.461  000.157  000.157: sourcing /usr/local/share/nvim/runtime/pack/dist/opt/cfilter/plugin/cfilter.lua
129.684  000.066  000.066: sourcing /usr/local/share/nvim/runtime/pack/dist/opt/nvim.difftool/plugin/difftool.lua
129.717  008.595: loading rtp plugins
130.031  000.314: loading packages
130.192  000.161: loading after plugins
130.242  000.049: inits 3
153.214  022.972: reading ShaDa
153.827  000.613: opening buffers
153.887  000.061: BufEnter autocommands
153.896  000.009: editing files in windows
154.366  000.411  000.411: require('deltaview.config')
154.506  000.198: VimEnter autocommands
154.722  000.217: UIEnter autocommands
154.729  000.007: before starting main loop
157.085  002.355: first screen update
157.094  000.009: --- NVIM STARTED ---

--- Startup times for process: Primary (or UI client) ---

times in msec
 clock   self+sourced   self:  sourced script
 clock   elapsed:              other lines

000.003  000.003: --- NVIM STARTING ---
000.185  000.182: event init
000.334  000.149: early init
000.485  000.150: locale set
000.594  000.109: init first window
001.508  000.914: inits 1
001.526  000.018: window checked
001.531  000.005: parsing arguments
002.044  000.053  000.053: require('vim._core.shared')
002.124  000.004  000.004: require('string.buffer')
002.149  000.051  000.047: require('vim.inspect')
002.194  000.038  000.038: require('vim._core.options')
002.197  000.150  000.060: require('vim._core.editor')
002.252  000.055  000.055: require('vim._core.system')
002.254  000.280  000.023: require('vim._init_packages')
002.256  000.445: init lua interpreter
005.366  003.110: nvim_ui_attach
007.039  001.673: nvim_set_client_info
007.041  000.002: --- NVIM STARTED ---

--- Startup times for process: Embedded ---

times in msec
 clock   self+sourced   self:  sourced script
 clock   elapsed:              other lines

000.002  000.002: --- NVIM STARTING ---
000.166  000.163: event init
000.315  000.150: early init
000.449  000.133: locale set
000.531  000.083: init first window
001.419  000.888: inits 1
001.437  000.018: window checked
001.441  000.004: parsing arguments
001.937  000.051  000.051: require('vim._core.shared')
002.016  000.004  000.004: require('string.buffer')
002.041  000.052  000.047: require('vim.inspect')
002.086  000.038  000.038: require('vim._core.options')
002.088  000.148  000.059: require('vim._core.editor')
002.142  000.052  000.052: require('vim._core.system')
002.143  000.273  000.021: require('vim._init_packages')
002.145  000.431: init lua interpreter
004.018  001.873: expanding arguments
004.065  000.047: inits 2
005.057  000.992: init highlight
005.060  000.003: waiting for UI
005.438  000.378: done waiting for UI
005.516  000.078: clear screen
005.709  000.075  000.075: require('vim._core.util')
005.774  000.014  000.014: require('vim.keymap')
007.417  000.489  000.489: sourcing nvim_exec2()
007.496  000.006  000.006: require('vim._core.log')
007.675  000.014  000.014: require('vim.tty')
007.830  000.016  000.016: require('vim.F')
008.943  000.056  000.056: sourcing nvim_exec2() called at TermResponse Autocommands for "*":0
009.094  000.025  000.025: require('vim.text')
009.363  003.840  003.147: require('vim._core.defaults')
009.366  000.009: init default mappings & autocommands
010.099  000.179  000.179: sourcing /usr/local/share/nvim/runtime/ftplugin.vim
010.228  000.073  000.073: sourcing /usr/local/share/nvim/runtime/indent.vim
010.860  000.090  000.090: sourcing /usr/local/share/nvim/runtime/pack/dist/opt/nvim.difftool/plugin/difftool.lua
011.400  000.134  000.134: sourcing /usr/local/share/nvim/runtime/pack/dist/opt/cfilter/plugin/cfilter.vim
012.109  000.044  000.044: sourcing nvim_exec2() called at /usr/local/share/nvim/runtime/pack/dist/opt/cfilter/plugin/cfilter.lua:0
012.143  000.630  000.586: require('_vim9script')
012.161  000.740  000.110: sourcing /usr/local/share/nvim/runtime/pack/dist/opt/cfilter/plugin/cfilter.lua
013.318  000.093  000.093: require('vim._async')
013.336  001.092  000.999: require('vim.pack')
013.437  000.052  000.052: require('vim.fs')
016.891  000.191  000.191: require('config')
016.907  000.242  000.051: require('secret')
017.585  000.509  000.509: require('vim.diagnostic')
018.071  000.097  000.097: require('vim.diagnostic._severity')
018.083  000.329  000.232: require('vim.diagnostic._store')
018.086  000.473  000.143: require('vim.diagnostic._config')
020.821  002.274  002.274: sourcing /usr/local/share/nvim/runtime/colors/vim.lua
021.954  003.472  001.199: sourcing /usr/local/share/nvim/runtime/colors/retrobox.vim
021.967  003.794  000.322: sourcing nvim_exec2() called at /home/agil/.config/nvim/init.lua:0
022.121  005.212  000.437: require('preferences')
022.472  000.019  000.019: sourcing nvim_exec2() called at /home/agil/.config/nvim/init.lua:0
022.706  000.583  000.564: require('conveniences')
022.840  000.132  000.132: require('statusline')
022.986  000.022  000.022: sourcing nvim_exec2() called at /home/agil/.config/nvim/init.lua:0
023.029  000.188  000.165: require('searching')
023.116  000.086  000.086: require('jj')
023.118  012.828  004.277: sourcing /home/agil/.config/nvim/init.lua
023.125  000.679: sourcing vimrc file(s)
023.668  000.258  000.258: sourcing nvim_exec2() called at /usr/local/share/nvim/runtime/filetype.lua:0
023.673  000.362  000.104: sourcing /usr/local/share/nvim/runtime/filetype.lua
024.167  000.202  000.202: sourcing /usr/local/share/nvim/runtime/syntax/synload.vim
024.449  000.647  000.445: sourcing /usr/local/share/nvim/runtime/syntax/syntax.vim
025.166  000.094  000.094: require('blame.git')
025.567  000.121  000.121: require('blame.highlights')
025.892  000.061  000.061: require('blame.utils')
025.947  000.054  000.054: require('blame.porcelain_parser')
025.981  000.033  000.033: require('blame.mappings')
025.984  000.414  000.267: require('blame.blame_stack')
026.061  000.076  000.076: require('blame.commit_info')
026.159  000.097  000.097: require('blame.git_browser')
026.163  000.994  000.285: require('blame.views.window_view')
026.241  000.076  000.076: require('blame.views.virtual_view')
026.301  000.060  000.060: require('blame.formats.default_formats')
026.304  001.362  000.138: require('blame')
026.354  000.026  000.026: sourcing nvim_exec2() called at /home/agil/.config/nvim/plugin/blame.lua:0
026.357  001.433  000.045: sourcing /home/agil/.config/nvim/plugin/blame.lua
026.619  000.223  000.223: require('catppuccin')
026.777  000.047  000.047: require('catppuccin.lib.hashing')
026.878  000.087  000.087: require('kanagawa')
027.216  000.080  000.080: require('kanagawa.utils')
027.849  000.625  000.625: sourcing nvim_exec2() called at /home/agil/.local/share/nvim/site/pack/core/opt/kanagawa.nvim/colors/kanagawa-wave.vim:1
028.003  000.106  000.106: require('kanagawa.colors')
028.740  000.438  000.438: require('kanagawa.lib.hsluv')
028.745  000.520  000.083: require('kanagawa.lib.color')
028.748  000.697  000.177: require('kanagawa.themes')
028.915  000.068  000.068: require('kanagawa.highlights')
029.106  000.188  000.188: require('kanagawa.highlights.editor')
029.213  000.064  000.064: require('kanagawa.highlights.syntax')
029.322  000.093  000.093: require('kanagawa.highlights.treesitter')
029.579  000.229  000.229: require('kanagawa.highlights.lsp')
030.111  000.526  000.526: require('kanagawa.highlights.plugins')
032.643  005.529  002.853: sourcing /home/agil/.local/share/nvim/site/pack/core/opt/kanagawa.nvim/colors/kanagawa-wave.vim
032.963  005.995  000.466: sourcing nvim_exec2() called at /home/agil/.config/nvim/plugin/colorscheme.lua:0
032.969  006.592  000.241: sourcing /home/agil/.config/nvim/plugin/colorscheme.lua
033.072  000.033  000.033: sourcing nvim_exec2() called at /home/agil/.config/nvim/plugin/deltaview.lua:0
033.084  000.007  000.007: sourcing nvim_exec2() called at /home/agil/.config/nvim/plugin/deltaview.lua:0
033.092  000.005  000.005: sourcing nvim_exec2() called at /home/agil/.config/nvim/plugin/deltaview.lua:0
033.093  000.080  000.034: sourcing /home/agil/.config/nvim/plugin/deltaview.lua
033.412  000.233  000.233: require('fzy')
033.494  000.080  000.080: require('floating')
033.619  000.508  000.195: sourcing /home/agil/.config/nvim/plugin/fzy.lua
035.237  000.232  000.232: require('vim.log')
036.099  000.859  000.859: require('vim.lsp.protocol')
036.176  001.312  000.221: require('vim.lsp.log')
037.467  000.150  000.150: require('vim.pos._util')
037.485  001.305  001.155: require('vim.lsp.util')
037.948  000.207  000.207: require('vim.lsp.sync')
037.953  000.466  000.259: require('vim.lsp._changetracking')
038.463  000.009  000.009: require('vim._core.stringbuffer')
038.468  000.157  000.148: require('vim.net._transport')
038.548  000.593  000.436: require('vim.lsp.rpc')
038.650  004.779  001.103: require('vim.lsp')
040.433  006.789  002.010: sourcing /home/agil/.config/nvim/plugin/lsp.lua
040.577  000.069  000.069: require('nvim-treesitter')
041.266  000.300  000.300: require('nvim-treesitter.async')
041.403  000.135  000.135: require('nvim-treesitter.config')
041.497  000.092  000.092: require('nvim-treesitter.log')
042.782  001.283  001.283: require('nvim-treesitter.parsers')
042.849  000.064  000.064: require('nvim-treesitter.util')
042.868  002.289  000.415: require('nvim-treesitter.install')
044.366  001.494  001.494: require('nvim-treesitter.parsers')
045.142  004.667  000.815: sourcing /home/agil/.config/nvim/plugin/treesitter.lua
045.468  000.096  000.096: sourcing /home/agil/.local/share/nvim/site/pack/core/opt/plenary.nvim/plugin/plenary.vim
045.807  000.189  000.189: sourcing /home/agil/.local/share/nvim/site/pack/core/opt/deltaview.nvim/plugin/commands.lua
045.847  000.020  000.020: sourcing /home/agil/.local/share/nvim/site/pack/core/opt/deltaview.nvim/plugin/delta.lua
046.246  000.249  000.249: require('vim.ui')
046.250  000.270  000.021: sourcing /home/agil/.local/share/nvim/site/pack/core/opt/nvim-fzy/plugin/fzy.lua
046.507  000.154  000.154: sourcing /home/agil/.local/share/nvim/site/pack/core/opt/nvim-dap/plugin/dap.lua
048.334  000.127  000.127: require('vim.treesitter.language')
048.379  000.040  000.040: require('vim.func')
048.488  000.107  000.107: require('vim.treesitter._range')
048.568  000.076  000.076: require('vim.func._memoize')
048.687  001.038  000.688: require('vim.treesitter.query')
048.703  001.664  000.626: require('vim.treesitter.languagetree')
048.710  001.951  000.287: require('vim.treesitter')
048.820  002.132  000.181: sourcing /home/agil/.local/share/nvim/site/pack/core/opt/nvim-treesitter/plugin/filetypes.lua
048.947  000.089  000.089: sourcing /home/agil/.local/share/nvim/site/pack/core/opt/nvim-treesitter/plugin/nvim-treesitter.lua
049.001  000.035  000.035: sourcing /home/agil/.local/share/nvim/site/pack/core/opt/nvim-treesitter/plugin/query_predicates.lua
049.325  000.212  000.212: sourcing /home/agil/.local/share/nvim/site/pack/core/opt/nvim-lspconfig/plugin/lspconfig.lua
050.399  000.478  000.478: sourcing /usr/local/share/nvim/runtime/plugin/gzip.vim
051.278  000.423  000.423: sourcing /usr/local/share/nvim/runtime/pack/dist/opt/matchit/plugin/matchit.vim
051.353  000.932  000.509: sourcing /usr/local/share/nvim/runtime/plugin/matchit.vim
051.690  000.319  000.319: sourcing /usr/local/share/nvim/runtime/plugin/matchparen.vim
052.662  000.514  000.514: sourcing /usr/local/share/nvim/runtime/pack/dist/opt/netrw/plugin/netrwPlugin.vim
052.737  001.030  000.516: sourcing /usr/local/share/nvim/runtime/plugin/netrwPlugin.vim
053.145  000.355  000.355: sourcing /usr/local/share/nvim/runtime/plugin/rplugin.vim
053.338  000.156  000.156: sourcing /usr/local/share/nvim/runtime/plugin/shada.vim
053.416  000.037  000.037: sourcing /usr/local/share/nvim/runtime/plugin/spellfile.vim
053.674  000.235  000.235: sourcing /usr/local/share/nvim/runtime/plugin/tarPlugin.vim
053.737  000.038  000.038: sourcing /usr/local/share/nvim/runtime/plugin/tutor.vim
054.117  000.358  000.358: sourcing /usr/local/share/nvim/runtime/plugin/zipPlugin.vim
054.587  000.219  000.219: require('vim._watch')
054.593  000.404  000.185: require('nvim.autoread')
054.663  000.512  000.108: sourcing /usr/local/share/nvim/runtime/plugin/autoread.lua
054.936  000.235  000.235: sourcing /usr/local/share/nvim/runtime/plugin/dir.lua
055.027  000.048  000.048: sourcing /usr/local/share/nvim/runtime/plugin/editorconfig.lua
055.126  000.074  000.074: sourcing /usr/local/share/nvim/runtime/plugin/man.lua
055.160  000.010  000.010: sourcing /usr/local/share/nvim/runtime/plugin/matchparen.lua
055.308  000.128  000.128: sourcing /usr/local/share/nvim/runtime/plugin/net.lua
055.410  000.079  000.079: sourcing /usr/local/share/nvim/runtime/plugin/osc52.lua
055.497  000.065  000.065: sourcing /usr/local/share/nvim/runtime/plugin/shada.lua
055.540  000.016  000.016: sourcing /usr/local/share/nvim/runtime/plugin/spellfile.lua
055.594  000.032  000.032: sourcing /usr/local/share/nvim/runtime/plugin/tohtml.lua
055.814  000.053  000.053: sourcing /usr/local/share/nvim/runtime/pack/dist/opt/cfilter/plugin/cfilter.vim
055.926  000.084  000.084: sourcing /usr/local/share/nvim/runtime/pack/dist/opt/cfilter/plugin/cfilter.lua
056.079  000.039  000.039: sourcing /usr/local/share/nvim/runtime/pack/dist/opt/nvim.difftool/plugin/difftool.lua
056.098  003.386: loading rtp plugins
056.249  000.151: loading packages
056.290  000.041: loading after plugins
056.317  000.027: inits 3
066.534  010.217: reading ShaDa
066.837  000.303: opening buffers
066.867  000.030: BufEnter autocommands
066.871  000.005: editing files in windows
067.096  000.194  000.194: require('deltaview.config')
067.161  000.096: VimEnter autocommands
067.222  000.061: UIEnter autocommands
067.225  000.002: before starting main loop
068.510  001.285: first screen update
068.535  000.025: --- NVIM STARTED ---

